2026-09-23 15:07:55.539105: I tensorflow/core/util/port.cc:113] oneDNN custom operations are on. You may see slightly different numerical results due to floating-point round-off errors from different computation orders. To turn them off, set the environment variable `TF_ENABLE_ONEDNN_OPTS=0`.
2026-09-23 15:07:55.561940: E external/local_xla/xla/stream_executor/cuda/cuda_dnn.cc:9261] Unable to register cuDNN factory: Attempting to register factory for plugin cuDNN when one has already been registered
2026-09-23 15:07:55.562662: E external/local_xla/xla/stream_executor/cuda/cuda_fft.cc:607] Unable to register cuFFT factory: Attempting to register factory for plugin cuFFT when one has already been registered
2026-09-23 15:07:55.564163: E external/local_xla/xla/stream_executor/cuda/cuda_blas.cc:1515] Unable to register cuBLAS factory: Attempting to register factory for plugin cuBLAS when one has already been registered
2026-09-23 15:07:55.568928: I tensorflow/core/platform/cpu_feature_guard.cc:182] This TensorFlow binary is optimized to use available CPU instructions in performance-critical operations.
To enable the following instructions: AVX2 AVX512F AVX512_VNNI AVX512_BF16 AVX_VNNI FMA, in other operations, rebuild TensorFlow with the appropriate compiler flags.
2026-09-23 15:07:55.959411: W tensorflow/compiler/tf2tensorrt/utils/py_utils.cc:38] TF-TRT Warning: Could not find TensorRT
2026-09-23 15:07:56.360247: I external/local_xla/xla/stream_executor/cuda/cuda_executor.cc:887] could not open file to read NUMA node: /sys/bus/pci/devices/0000:01:00.0/numa_node
Your kernel may have been built without NUMA support.
2026-09-23 15:07:56.389752: I external/local_xla/xla/stream_executor/cuda/cuda_executor.cc:887] could not open file to read NUMA node: /sys/bus/pci/devices/0000:01:00.0/numa_node
Your kernel may have been built without NUMA support.
2026-09-23 15:07:56.390505: I external/local_xla/xla/stream_executor/cuda/cuda_executor.cc:887] could not open file to read NUMA node: /sys/bus/pci/devices/0000:01:00.0/numa_node
Your kernel may have been built without NUMA support.
2026-09-23 15:07:56.391336: I external/local_xla/xla/stream_executor/cuda/cuda_executor.cc:887] could not open file to read NUMA node: /sys/bus/pci/devices/0000:01:00.0/numa_node
Your kernel may have been built without NUMA support.
2026-09-23 15:07:56.392608: I external/local_xla/xla/stream_executor/cuda/cuda_executor.cc:887] could not open file to read NUMA node: /sys/bus/pci/devices/0000:01:00.0/numa_node
Your kernel may have been built without NUMA support.
2026-09-23 15:07:56.393336: I external/local_xla/xla/stream_executor/cuda/cuda_executor.cc:887] could not open file to read NUMA node: /sys/bus/pci/devices/0000:01:00.0/numa_node
Your kernel may have been built without NUMA support.
2026-09-23 15:07:56.393991: I external/local_xla/xla/stream_executor/cuda/cuda_executor.cc:887] could not open file to read NUMA node: /sys/bus/pci/devices/0000:01:00.0/numa_node
Your kernel may have been built without NUMA support.
2026-09-23 15:07:56.526189: I external/local_xla/xla/stream_executor/cuda/cuda_executor.cc:887] could not open file to read NUMA node: /sys/bus/pci/devices/0000:01:00.0/numa_node
Your kernel may have been built without NUMA support.
2026-09-23 15:07:56.526934: I external/local_xla/xla/stream_executor/cuda/cuda_executor.cc:887] could not open file to read NUMA node: /sys/bus/pci/devices/0000:01:00.0/numa_node
Your kernel may have been built without NUMA support.
2026-09-23 15:07:56.527563: I tensorflow/core/common_runtime/gpu/gpu_device.cc:2022] Could not identify NUMA node of platform GPU id 0, defaulting to 0.  Your kernel may not have been built with NUMA support.
2026-09-23 15:07:56.528238: I external/local_xla/xla/stream_executor/cuda/cuda_executor.cc:887] could not open file to read NUMA node: /sys/bus/pci/devices/0000:01:00.0/numa_node
Your kernel may have been built without NUMA support.
2026-09-23 15:07:56.528913: I tensorflow/core/common_runtime/gpu/gpu_device.cc:1929] Created device /job:localhost/replica:0/task:0/device:GPU:0 with 9498 MB memory:  -> device: 0, name: NVIDIA GeForce RTX 4070 Ti, pci bus id: 0000:01:00.0, compute capability: 8.9
WARNING:absl:Skipping variable loading for optimizer 'Adam', because it has 1 variables whereas the saved optimizer has 0 variables. 
Epoch 1/2
Traceback (most recent call last):
  File "/mnt/d/work/cloud-repository/Lec/MLS/assignment/assignment2/MAIE5532_Assignment2_LuoXiaoyu/part2/part2_cloud_optimization.py", line 657, in <module>
    run_worker(options)
  File "/mnt/d/work/cloud-repository/Lec/MLS/assignment/assignment2/MAIE5532_Assignment2_LuoXiaoyu/part2/part2_cloud_optimization.py", line 474, in run_worker
    history = trainer.fit(train_ds, validation_data=val_ds, epochs=args.epochs,
              ^^^^^^^^^^^^^^^^^^^^^^^^^^^^^^^^^^^^^^^^^^^^^^^^^^^^^^^^^^^^^^^^^
  File "/home/mywslubuntu/.venvs/maie5532/lib/python3.11/site-packages/keras/src/utils/traceback_utils.py", line 70, in error_handler
    raise e.with_traceback(filtered_tb) from None
  File "/tmp/__autograph_generated_fileo6nqiuoc.py", line 15, in tf__train_function
    retval_ = ag__.converted_call(ag__.ld(step_function), (ag__.ld(self), ag__.ld(iterator)), None, fscope)
    ^^^^^
  File "/mnt/d/work/cloud-repository/Lec/MLS/assignment/assignment2/MAIE5532_Assignment2_LuoXiaoyu/part2/part2_cloud_optimization.py", line 261, in train_step
    hard_loss = tf.nn.sparse_softmax_cross_entropy_with_logits(
                ^^^^^^^^^^^^^^^^^^^^^^^^^^^^^^^^^^^^^^^^^^^^^^^
TypeError: in user code:

    File "/home/mywslubuntu/.venvs/maie5532/lib/python3.11/site-packages/keras/src/engine/training.py", line 1401, in train_function  *
        return step_function(self, iterator)
    File "/home/mywslubuntu/.venvs/maie5532/lib/python3.11/site-packages/keras/src/engine/training.py", line 1384, in step_function  **
        outputs = model.distribute_strategy.run(run_step, args=(data,))
    File "/home/mywslubuntu/.venvs/maie5532/lib/python3.11/site-packages/keras/src/engine/training.py", line 1373, in run_step  **
        outputs = model.train_step(data)
    File "/mnt/d/work/cloud-repository/Lec/MLS/assignment/assignment2/MAIE5532_Assignment2_LuoXiaoyu/part2/part2_cloud_optimization.py", line 261, in train_step
        hard_loss = tf.nn.sparse_softmax_cross_entropy_with_logits(

    TypeError: Value passed to parameter 'labels' has DataType uint8 not in list of allowed values: int32, int64

