2026-09-23 15:06:48.102428: I tensorflow/core/util/port.cc:113] oneDNN custom operations are on. You may see slightly different numerical results due to floating-point round-off errors from different computation orders. To turn them off, set the environment variable `TF_ENABLE_ONEDNN_OPTS=0`.
2026-09-23 15:06:48.126084: E external/local_xla/xla/stream_executor/cuda/cuda_dnn.cc:9261] Unable to register cuDNN factory: Attempting to register factory for plugin cuDNN when one has already been registered
2026-09-23 15:06:48.126796: E external/local_xla/xla/stream_executor/cuda/cuda_fft.cc:607] Unable to register cuFFT factory: Attempting to register factory for plugin cuFFT when one has already been registered
2026-09-23 15:06:48.128371: E external/local_xla/xla/stream_executor/cuda/cuda_blas.cc:1515] Unable to register cuBLAS factory: Attempting to register factory for plugin cuBLAS when one has already been registered
2026-09-23 15:06:48.133250: I tensorflow/core/platform/cpu_feature_guard.cc:182] This TensorFlow binary is optimized to use available CPU instructions in performance-critical operations.
To enable the following instructions: AVX2 AVX512F AVX512_VNNI AVX512_BF16 AVX_VNNI FMA, in other operations, rebuild TensorFlow with the appropriate compiler flags.
2026-09-23 15:06:48.530736: W tensorflow/compiler/tf2tensorrt/utils/py_utils.cc:38] TF-TRT Warning: Could not find TensorRT
2026-09-23 15:06:48.931449: I external/local_xla/xla/stream_executor/cuda/cuda_executor.cc:887] could not open file to read NUMA node: /sys/bus/pci/devices/0000:01:00.0/numa_node
Your kernel may have been built without NUMA support.
2026-09-23 15:06:48.961777: I external/local_xla/xla/stream_executor/cuda/cuda_executor.cc:887] could not open file to read NUMA node: /sys/bus/pci/devices/0000:01:00.0/numa_node
Your kernel may have been built without NUMA support.
2026-09-23 15:06:48.962519: I external/local_xla/xla/stream_executor/cuda/cuda_executor.cc:887] could not open file to read NUMA node: /sys/bus/pci/devices/0000:01:00.0/numa_node
Your kernel may have been built without NUMA support.
2026-09-23 15:06:48.963327: I external/local_xla/xla/stream_executor/cuda/cuda_executor.cc:887] could not open file to read NUMA node: /sys/bus/pci/devices/0000:01:00.0/numa_node
Your kernel may have been built without NUMA support.
2026-09-23 15:06:48.964696: I external/local_xla/xla/stream_executor/cuda/cuda_executor.cc:887] could not open file to read NUMA node: /sys/bus/pci/devices/0000:01:00.0/numa_node
Your kernel may have been built without NUMA support.
2026-09-23 15:06:48.965397: I external/local_xla/xla/stream_executor/cuda/cuda_executor.cc:887] could not open file to read NUMA node: /sys/bus/pci/devices/0000:01:00.0/numa_node
Your kernel may have been built without NUMA support.
2026-09-23 15:06:48.966042: I external/local_xla/xla/stream_executor/cuda/cuda_executor.cc:887] could not open file to read NUMA node: /sys/bus/pci/devices/0000:01:00.0/numa_node
Your kernel may have been built without NUMA support.
2026-09-23 15:06:49.089103: I external/local_xla/xla/stream_executor/cuda/cuda_executor.cc:887] could not open file to read NUMA node: /sys/bus/pci/devices/0000:01:00.0/numa_node
Your kernel may have been built without NUMA support.
2026-09-23 15:06:49.089912: I tensorflow/core/common_runtime/gpu/gpu_device.cc:2022] Could not identify NUMA node of platform GPU id 0, defaulting to 0.  Your kernel may not have been built with NUMA support.
2026-09-23 15:06:49.090607: I external/local_xla/xla/stream_executor/cuda/cuda_executor.cc:887] could not open file to read NUMA node: /sys/bus/pci/devices/0000:01:00.0/numa_node
Your kernel may have been built without NUMA support.
2026-09-23 15:06:49.091272: I tensorflow/core/common_runtime/gpu/gpu_device.cc:2022] Could not identify NUMA node of platform GPU id 0, defaulting to 0.  Your kernel may not have been built with NUMA support.
2026-09-23 15:06:49.091963: I external/local_xla/xla/stream_executor/cuda/cuda_executor.cc:887] could not open file to read NUMA node: /sys/bus/pci/devices/0000:01:00.0/numa_node
Your kernel may have been built without NUMA support.
2026-09-23 15:06:49.092650: I external/local_xla/xla/stream_executor/cuda/cuda_executor.cc:887] could not open file to read NUMA node: /sys/bus/pci/devices/0000:01:00.0/numa_node
Your kernel may have been built without NUMA support.
2026-09-23 15:06:49.093403: I tensorflow/core/common_runtime/gpu/gpu_device.cc:1929] Created device /job:localhost/replica:0/task:0/device:GPU:0 with 4096 MB memory:  -> device: 0, name: NVIDIA GeForce RTX 4070 Ti, pci bus id: 0000:01:00.0, compute capability: 8.9
2026-09-23 15:06:49.095225: I external/local_xla/xla/stream_executor/cuda/cuda_executor.cc:887] could not open file to read NUMA node: /sys/bus/pci/devices/0000:01:00.0/numa_node
Your kernel may have been built without NUMA support.
2026-09-23 15:06:49.095886: I tensorflow/core/common_runtime/gpu/gpu_device.cc:1929] Created device /job:localhost/replica:0/task:0/device:GPU:1 with 4096 MB memory:  -> device: 0, name: NVIDIA GeForce RTX 4070 Ti, pci bus id: 0000:01:00.0, compute capability: 8.9
Epoch 1/2
2026-09-23 15:06:53.119669: I external/local_xla/xla/stream_executor/cuda/cuda_dnn.cc:454] Loaded cuDNN version 8904
2026-09-23 15:06:53.270470: I external/local_tsl/tsl/platform/default/subprocess.cc:304] Start cannot spawn child process: Permission denied
2026-09-23 15:06:53.648003: I external/local_tsl/tsl/platform/default/subprocess.cc:304] Start cannot spawn child process: Permission denied
2026-09-23 15:06:56.310476: I external/local_xla/xla/service/service.cc:168] XLA service 0x736d4cfaa1b0 initialized for platform CUDA (this does not guarantee that XLA will be used). Devices:
2026-09-23 15:06:56.311309: I external/local_xla/xla/service/service.cc:176]   StreamExecutor device (0): NVIDIA GeForce RTX 4070 Ti, Compute Capability 8.9
2026-09-23 15:06:56.315268: I tensorflow/compiler/mlir/tensorflow/utils/dump_mlir_util.cc:269] disabling MLIR crash reproducer, set env var `MLIR_CRASH_REPRODUCER_DIRECTORY` to enable.
WARNING: All log messages before absl::InitializeLog() is called are written to STDERR
I0000 00:00:1790147216.370432    2301 device_compiler.h:186] Compiled cluster using XLA!  This line is logged at most once for the lifetime of the process.
8/8 - 8s - loss: 2.5889 - accuracy: 0.1289 - val_loss: 2.2996 - val_accuracy: 0.1641 - lr: 0.0010 - 8s/epoch - 967ms/step
Epoch 2/2
8/8 - 1s - loss: 2.1912 - accuracy: 0.2109 - val_loss: 2.2994 - val_accuracy: 0.0820 - lr: 5.0000e-04 - 552ms/epoch - 69ms/step
{
  "variant": "distributed_two",
  "smoke_test": true,
  "epochs": 2,
  "best_epoch": 2,
  "test_accuracy": 0.08203125,
  "test_loss": 2.296405553817749,
  "parameters": 324394,
  "weight_bytes": 1297576,
  "model_size_bytes": 1377992,
  "model_path": "cloud_optimized_models/distributed_two/best_model.keras",
  "training_wall_seconds": 8.552912959000082,
  "epoch_train_seconds": [
    6.257443097999953,
    0.2355361360000643
  ],
  "steady_train_images_per_second": 4347.528228109,
  "throughput_scope": "排除第一轮编译预热、验证和检查点保存；包含输入管线及梯度更新",
  "train_examples": 1024,
  "validation_examples": 256,
  "test_examples": 256,
  "micro_batch_size": 128,
  "effective_batch_size": 128,
  "optimizer_updates": 16,
  "model_file_scope": "未编译的 Keras 网络，不含优化器和自定义训练器状态",
  "initial_weights_sha256": "01a4a70e0afec947659418315394adde6c9809a6d9cbd21e51f90adc85226eae",
  "training_memory_before": {
    "GPU:0": {
      "current": 1424640,
      "peak": 1424640
    },
    "GPU:1": {
      "current": 1302784,
      "peak": 1302784
    }
  },
  "training_memory_peak": {
    "GPU:0": {
      "current": 7213056,
      "peak": 223147008
    },
    "GPU:1": {
      "current": 6563840,
      "peak": 225810176
    }
  },
  "memory_scope": "TensorFlow 分配器统计，包含驻留模型及训练张量；不是进程总显存；逻辑 GPU 统计不可简单相加",
  "inference": {
    "1": {
      "batch_size": 1,
      "mean_ms": 1.2027072000023509,
      "median_ms": 0.8974699999839686,
      "p95_ms": 2.2078958999941274,
      "images_per_second": 831.457565064918
    },
    "128": {
      "batch_size": 128,
      "mean_ms": 1.1570433999963825,
      "median_ms": 1.121038999940538,
      "p95_ms": 1.397699099982219,
      "images_per_second": 110626.79239205737
    }
  },
  "inference_scope": "普通导出模型单设备推理，包含输出传回主机，不含预处理或加载",
  "simulated": true,
  "replicas": 2,
  "gpu_name": "NVIDIA GeForce RTX 4070 Ti",
  "physical_gpu_count_used": 1,
  "logical_gpu_limit_mb": 4096,
  "tensorflow_version": "2.15.1",
  "python_version": "3.11.16",
  "precision": "float32",
  "seed": 42
}
