2026-09-23 15:06:39.039089: I tensorflow/core/util/port.cc:113] oneDNN custom operations are on. You may see slightly different numerical results due to floating-point round-off errors from different computation orders. To turn them off, set the environment variable `TF_ENABLE_ONEDNN_OPTS=0`.
2026-09-23 15:06:39.062424: E external/local_xla/xla/stream_executor/cuda/cuda_dnn.cc:9261] Unable to register cuDNN factory: Attempting to register factory for plugin cuDNN when one has already been registered
2026-09-23 15:06:39.063127: E external/local_xla/xla/stream_executor/cuda/cuda_fft.cc:607] Unable to register cuFFT factory: Attempting to register factory for plugin cuFFT when one has already been registered
2026-09-23 15:06:39.064811: E external/local_xla/xla/stream_executor/cuda/cuda_blas.cc:1515] Unable to register cuBLAS factory: Attempting to register factory for plugin cuBLAS when one has already been registered
2026-09-23 15:06:39.069524: I tensorflow/core/platform/cpu_feature_guard.cc:182] This TensorFlow binary is optimized to use available CPU instructions in performance-critical operations.
To enable the following instructions: AVX2 AVX512F AVX512_VNNI AVX512_BF16 AVX_VNNI FMA, in other operations, rebuild TensorFlow with the appropriate compiler flags.
2026-09-23 15:06:39.464092: W tensorflow/compiler/tf2tensorrt/utils/py_utils.cc:38] TF-TRT Warning: Could not find TensorRT
2026-09-23 15:06:39.861594: I external/local_xla/xla/stream_executor/cuda/cuda_executor.cc:887] could not open file to read NUMA node: /sys/bus/pci/devices/0000:01:00.0/numa_node
Your kernel may have been built without NUMA support.
2026-09-23 15:06:39.892348: I external/local_xla/xla/stream_executor/cuda/cuda_executor.cc:887] could not open file to read NUMA node: /sys/bus/pci/devices/0000:01:00.0/numa_node
Your kernel may have been built without NUMA support.
2026-09-23 15:06:39.893075: I external/local_xla/xla/stream_executor/cuda/cuda_executor.cc:887] could not open file to read NUMA node: /sys/bus/pci/devices/0000:01:00.0/numa_node
Your kernel may have been built without NUMA support.
2026-09-23 15:06:39.893885: I external/local_xla/xla/stream_executor/cuda/cuda_executor.cc:887] could not open file to read NUMA node: /sys/bus/pci/devices/0000:01:00.0/numa_node
Your kernel may have been built without NUMA support.
2026-09-23 15:06:39.895190: I external/local_xla/xla/stream_executor/cuda/cuda_executor.cc:887] could not open file to read NUMA node: /sys/bus/pci/devices/0000:01:00.0/numa_node
Your kernel may have been built without NUMA support.
2026-09-23 15:06:39.895885: I external/local_xla/xla/stream_executor/cuda/cuda_executor.cc:887] could not open file to read NUMA node: /sys/bus/pci/devices/0000:01:00.0/numa_node
Your kernel may have been built without NUMA support.
2026-09-23 15:06:39.896574: I external/local_xla/xla/stream_executor/cuda/cuda_executor.cc:887] could not open file to read NUMA node: /sys/bus/pci/devices/0000:01:00.0/numa_node
Your kernel may have been built without NUMA support.
2026-09-23 15:06:40.033807: I external/local_xla/xla/stream_executor/cuda/cuda_executor.cc:887] could not open file to read NUMA node: /sys/bus/pci/devices/0000:01:00.0/numa_node
Your kernel may have been built without NUMA support.
2026-09-23 15:06:40.034555: I tensorflow/core/common_runtime/gpu/gpu_device.cc:2022] Could not identify NUMA node of platform GPU id 0, defaulting to 0.  Your kernel may not have been built with NUMA support.
2026-09-23 15:06:40.035261: I external/local_xla/xla/stream_executor/cuda/cuda_executor.cc:887] could not open file to read NUMA node: /sys/bus/pci/devices/0000:01:00.0/numa_node
Your kernel may have been built without NUMA support.
2026-09-23 15:06:40.035893: I tensorflow/core/common_runtime/gpu/gpu_device.cc:2022] Could not identify NUMA node of platform GPU id 0, defaulting to 0.  Your kernel may not have been built with NUMA support.
2026-09-23 15:06:40.036574: I external/local_xla/xla/stream_executor/cuda/cuda_executor.cc:887] could not open file to read NUMA node: /sys/bus/pci/devices/0000:01:00.0/numa_node
Your kernel may have been built without NUMA support.
2026-09-23 15:06:40.037323: I external/local_xla/xla/stream_executor/cuda/cuda_executor.cc:887] could not open file to read NUMA node: /sys/bus/pci/devices/0000:01:00.0/numa_node
Your kernel may have been built without NUMA support.
2026-09-23 15:06:40.037994: I tensorflow/core/common_runtime/gpu/gpu_device.cc:1929] Created device /job:localhost/replica:0/task:0/device:GPU:0 with 4096 MB memory:  -> device: 0, name: NVIDIA GeForce RTX 4070 Ti, pci bus id: 0000:01:00.0, compute capability: 8.9
2026-09-23 15:06:40.040223: I external/local_xla/xla/stream_executor/cuda/cuda_executor.cc:887] could not open file to read NUMA node: /sys/bus/pci/devices/0000:01:00.0/numa_node
Your kernel may have been built without NUMA support.
2026-09-23 15:06:40.041014: I tensorflow/core/common_runtime/gpu/gpu_device.cc:1929] Created device /job:localhost/replica:0/task:0/device:GPU:1 with 4096 MB memory:  -> device: 0, name: NVIDIA GeForce RTX 4070 Ti, pci bus id: 0000:01:00.0, compute capability: 8.9
Epoch 1/2
2026-09-23 15:06:42.772462: I external/local_xla/xla/stream_executor/cuda/cuda_dnn.cc:454] Loaded cuDNN version 8904
2026-09-23 15:06:42.948803: I external/local_tsl/tsl/platform/default/subprocess.cc:304] Start cannot spawn child process: Permission denied
2026-09-23 15:06:43.261615: I external/local_tsl/tsl/platform/default/subprocess.cc:304] Start cannot spawn child process: Permission denied
2026-09-23 15:06:43.953189: I external/local_xla/xla/service/service.cc:168] XLA service 0x76fe2a29d920 initialized for platform CUDA (this does not guarantee that XLA will be used). Devices:
2026-09-23 15:06:43.953986: I external/local_xla/xla/service/service.cc:176]   StreamExecutor device (0): NVIDIA GeForce RTX 4070 Ti, Compute Capability 8.9
2026-09-23 15:06:43.959599: I tensorflow/compiler/mlir/tensorflow/utils/dump_mlir_util.cc:269] disabling MLIR crash reproducer, set env var `MLIR_CRASH_REPRODUCER_DIRECTORY` to enable.
WARNING: All log messages before absl::InitializeLog() is called are written to STDERR
I0000 00:00:1790147204.019136    1663 device_compiler.h:186] Compiled cluster using XLA!  This line is logged at most once for the lifetime of the process.
8/8 - 5s - loss: 2.6059 - accuracy: 0.1338 - val_loss: 2.2983 - val_accuracy: 0.1641 - lr: 0.0010 - 5s/epoch - 564ms/step
Epoch 2/2
8/8 - 0s - loss: 2.1674 - accuracy: 0.2402 - val_loss: 2.3009 - val_accuracy: 0.1172 - lr: 5.0000e-04 - 129ms/epoch - 16ms/step
{
  "variant": "distributed_one",
  "smoke_test": true,
  "epochs": 2,
  "best_epoch": 1,
  "test_accuracy": 0.21875,
  "test_loss": 2.294213056564331,
  "parameters": 324394,
  "weight_bytes": 1297576,
  "model_size_bytes": 1377992,
  "model_path": "cloud_optimized_models/distributed_one/best_model.keras",
  "training_wall_seconds": 4.832129549999991,
  "epoch_train_seconds": [
    3.83095088999994,
    0.07004677299994455
  ],
  "steady_train_images_per_second": 14618.803353022568,
  "throughput_scope": "排除第一轮编译预热、验证和检查点保存；包含输入管线及梯度更新",
  "train_examples": 1024,
  "validation_examples": 256,
  "test_examples": 256,
  "micro_batch_size": 128,
  "effective_batch_size": 128,
  "optimizer_updates": 16,
  "model_file_scope": "未编译的 Keras 网络，不含优化器和自定义训练器状态",
  "initial_weights_sha256": "01a4a70e0afec947659418315394adde6c9809a6d9cbd21e51f90adc85226eae",
  "training_memory_before": {
    "GPU:0": {
      "current": 1424384,
      "peak": 1424384
    },
    "GPU:1": {
      "current": 0,
      "peak": 0
    }
  },
  "training_memory_peak": {
    "GPU:0": {
      "current": 5660416,
      "peak": 414180608
    },
    "GPU:1": {
      "current": 0,
      "peak": 0
    }
  },
  "memory_scope": "TensorFlow 分配器统计，包含驻留模型及训练张量；不是进程总显存；逻辑 GPU 统计不可简单相加",
  "inference": {
    "1": {
      "batch_size": 1,
      "mean_ms": 0.8482660999789005,
      "median_ms": 0.8303215000182718,
      "p95_ms": 1.0176540500253848,
      "images_per_second": 1178.8753552981473
    },
    "128": {
      "batch_size": 128,
      "mean_ms": 1.1996271000043635,
      "median_ms": 1.1062705000313144,
      "p95_ms": 1.5317254999956726,
      "images_per_second": 106699.82363647371
    }
  },
  "inference_scope": "普通导出模型单设备推理，包含输出传回主机，不含预处理或加载",
  "simulated": true,
  "replicas": 1,
  "gpu_name": "NVIDIA GeForce RTX 4070 Ti",
  "physical_gpu_count_used": 1,
  "logical_gpu_limit_mb": 4096,
  "tensorflow_version": "2.15.1",
  "python_version": "3.11.16",
  "precision": "float32",
  "seed": 42
}
