2026-09-23 15:09:30.388521: I tensorflow/core/util/port.cc:113] oneDNN custom operations are on. You may see slightly different numerical results due to floating-point round-off errors from different computation orders. To turn them off, set the environment variable `TF_ENABLE_ONEDNN_OPTS=0`.
2026-09-23 15:09:30.412073: E external/local_xla/xla/stream_executor/cuda/cuda_dnn.cc:9261] Unable to register cuDNN factory: Attempting to register factory for plugin cuDNN when one has already been registered
2026-09-23 15:09:30.412785: E external/local_xla/xla/stream_executor/cuda/cuda_fft.cc:607] Unable to register cuFFT factory: Attempting to register factory for plugin cuFFT when one has already been registered
2026-09-23 15:09:30.414271: E external/local_xla/xla/stream_executor/cuda/cuda_blas.cc:1515] Unable to register cuBLAS factory: Attempting to register factory for plugin cuBLAS when one has already been registered
2026-09-23 15:09:30.418965: I tensorflow/core/platform/cpu_feature_guard.cc:182] This TensorFlow binary is optimized to use available CPU instructions in performance-critical operations.
To enable the following instructions: AVX2 AVX512F AVX512_VNNI AVX512_BF16 AVX_VNNI FMA, in other operations, rebuild TensorFlow with the appropriate compiler flags.
2026-09-23 15:09:30.820230: W tensorflow/compiler/tf2tensorrt/utils/py_utils.cc:38] TF-TRT Warning: Could not find TensorRT
2026-09-23 15:09:31.226834: I external/local_xla/xla/stream_executor/cuda/cuda_executor.cc:887] could not open file to read NUMA node: /sys/bus/pci/devices/0000:01:00.0/numa_node
Your kernel may have been built without NUMA support.
2026-09-23 15:09:31.266779: I external/local_xla/xla/stream_executor/cuda/cuda_executor.cc:887] could not open file to read NUMA node: /sys/bus/pci/devices/0000:01:00.0/numa_node
Your kernel may have been built without NUMA support.
2026-09-23 15:09:31.267545: I external/local_xla/xla/stream_executor/cuda/cuda_executor.cc:887] could not open file to read NUMA node: /sys/bus/pci/devices/0000:01:00.0/numa_node
Your kernel may have been built without NUMA support.
2026-09-23 15:09:31.268359: I external/local_xla/xla/stream_executor/cuda/cuda_executor.cc:887] could not open file to read NUMA node: /sys/bus/pci/devices/0000:01:00.0/numa_node
Your kernel may have been built without NUMA support.
2026-09-23 15:09:31.269683: I external/local_xla/xla/stream_executor/cuda/cuda_executor.cc:887] could not open file to read NUMA node: /sys/bus/pci/devices/0000:01:00.0/numa_node
Your kernel may have been built without NUMA support.
2026-09-23 15:09:31.270371: I external/local_xla/xla/stream_executor/cuda/cuda_executor.cc:887] could not open file to read NUMA node: /sys/bus/pci/devices/0000:01:00.0/numa_node
Your kernel may have been built without NUMA support.
2026-09-23 15:09:31.271060: I external/local_xla/xla/stream_executor/cuda/cuda_executor.cc:887] could not open file to read NUMA node: /sys/bus/pci/devices/0000:01:00.0/numa_node
Your kernel may have been built without NUMA support.
2026-09-23 15:09:31.423440: I external/local_xla/xla/stream_executor/cuda/cuda_executor.cc:887] could not open file to read NUMA node: /sys/bus/pci/devices/0000:01:00.0/numa_node
Your kernel may have been built without NUMA support.
2026-09-23 15:09:31.424284: I external/local_xla/xla/stream_executor/cuda/cuda_executor.cc:887] could not open file to read NUMA node: /sys/bus/pci/devices/0000:01:00.0/numa_node
Your kernel may have been built without NUMA support.
2026-09-23 15:09:31.425007: I tensorflow/core/common_runtime/gpu/gpu_device.cc:2022] Could not identify NUMA node of platform GPU id 0, defaulting to 0.  Your kernel may not have been built with NUMA support.
2026-09-23 15:09:31.425700: I external/local_xla/xla/stream_executor/cuda/cuda_executor.cc:887] could not open file to read NUMA node: /sys/bus/pci/devices/0000:01:00.0/numa_node
Your kernel may have been built without NUMA support.
2026-09-23 15:09:31.426321: I tensorflow/core/common_runtime/gpu/gpu_device.cc:1929] Created device /job:localhost/replica:0/task:0/device:GPU:0 with 9498 MB memory:  -> device: 0, name: NVIDIA GeForce RTX 4070 Ti, pci bus id: 0000:01:00.0, compute capability: 8.9
Epoch 1/2
2026-09-23 15:09:33.916834: I external/local_xla/xla/stream_executor/cuda/cuda_dnn.cc:454] Loaded cuDNN version 8904
2026-09-23 15:09:34.055233: I external/local_tsl/tsl/platform/default/subprocess.cc:304] Start cannot spawn child process: Permission denied
2026-09-23 15:09:34.251815: I external/local_tsl/tsl/platform/default/subprocess.cc:304] Start cannot spawn child process: Permission denied
2026-09-23 15:09:34.979724: I external/local_xla/xla/service/service.cc:168] XLA service 0x717af2279dd0 initialized for platform CUDA (this does not guarantee that XLA will be used). Devices:
2026-09-23 15:09:34.980660: I external/local_xla/xla/service/service.cc:176]   StreamExecutor device (0): NVIDIA GeForce RTX 4070 Ti, Compute Capability 8.9
2026-09-23 15:09:34.986588: I tensorflow/compiler/mlir/tensorflow/utils/dump_mlir_util.cc:269] disabling MLIR crash reproducer, set env var `MLIR_CRASH_REPRODUCER_DIRECTORY` to enable.
WARNING: All log messages before absl::InitializeLog() is called are written to STDERR
I0000 00:00:1790147375.044421    1057 device_compiler.h:186] Compiled cluster using XLA!  This line is logged at most once for the lifetime of the process.
8/8 - 5s - loss: 2.6040 - accuracy: 0.1650 - val_loss: 2.2946 - val_accuracy: 0.0859 - lr: 0.0010 - 5s/epoch - 576ms/step
Epoch 2/2
8/8 - 0s - loss: 2.1906 - accuracy: 0.2178 - val_loss: 2.2941 - val_accuracy: 0.1523 - lr: 5.0000e-04 - 187ms/epoch - 23ms/step
{
  "variant": "teacher",
  "smoke_test": true,
  "epochs": 2,
  "best_epoch": 2,
  "test_accuracy": 0.15234375,
  "test_loss": 2.287189245223999,
  "parameters": 628378,
  "weight_bytes": 2513512,
  "model_size_bytes": 2593939,
  "model_path": "cloud_optimized_models/teacher/best_model.keras",
  "training_wall_seconds": 4.879195060000029,
  "epoch_train_seconds": [
    3.9246430370001235,
    0.07869023700004618
  ],
  "steady_train_images_per_second": 13013.050144955072,
  "throughput_scope": "排除第一轮编译预热、验证和检查点保存；包含输入管线及梯度更新",
  "train_examples": 1024,
  "validation_examples": 256,
  "test_examples": 256,
  "micro_batch_size": 128,
  "effective_batch_size": 128,
  "optimizer_updates": 16,
  "model_file_scope": "未编译的 Keras 网络，不含优化器和自定义训练器状态",
  "initial_weights_sha256": null,
  "training_memory_before": {
    "GPU:0": {
      "current": 4062976,
      "peak": 4062976
    }
  },
  "training_memory_peak": {
    "GPU:0": {
      "current": 9162496,
      "peak": 610786048
    }
  },
  "memory_scope": "TensorFlow 分配器统计，包含驻留模型及训练张量；不是进程总显存；逻辑 GPU 统计不可简单相加",
  "inference": {
    "1": {
      "batch_size": 1,
      "mean_ms": 0.9492591999560318,
      "median_ms": 0.9648439998954927,
      "p95_ms": 1.155377650070477,
      "images_per_second": 1053.453050596
    },
    "128": {
      "batch_size": 128,
      "mean_ms": 1.7407778000006147,
      "median_ms": 1.5910035000388234,
      "p95_ms": 2.2437933499304563,
      "images_per_second": 73530.34947938491
    }
  },
  "inference_scope": "普通导出模型单设备推理，包含输出传回主机，不含预处理或加载",
  "simulated": false,
  "replicas": 1,
  "gpu_name": "NVIDIA GeForce RTX 4070 Ti",
  "physical_gpu_count_used": 1,
  "logical_gpu_limit_mb": null,
  "tensorflow_version": "2.15.1",
  "python_version": "3.11.16",
  "precision": "float32",
  "seed": 42,
  "teacher_parameters": 628378,
  "teacher_parameter_ratio": 1.9370826834035155
}
