2026-09-23 15:11:19.141408: I tensorflow/core/util/port.cc:113] oneDNN custom operations are on. You may see slightly different numerical results due to floating-point round-off errors from different computation orders. To turn them off, set the environment variable `TF_ENABLE_ONEDNN_OPTS=0`.
2026-09-23 15:11:19.164902: E external/local_xla/xla/stream_executor/cuda/cuda_dnn.cc:9261] Unable to register cuDNN factory: Attempting to register factory for plugin cuDNN when one has already been registered
2026-09-23 15:11:19.165623: E external/local_xla/xla/stream_executor/cuda/cuda_fft.cc:607] Unable to register cuFFT factory: Attempting to register factory for plugin cuFFT when one has already been registered
2026-09-23 15:11:19.167224: E external/local_xla/xla/stream_executor/cuda/cuda_blas.cc:1515] Unable to register cuBLAS factory: Attempting to register factory for plugin cuBLAS when one has already been registered
2026-09-23 15:11:19.172057: I tensorflow/core/platform/cpu_feature_guard.cc:182] This TensorFlow binary is optimized to use available CPU instructions in performance-critical operations.
To enable the following instructions: AVX2 AVX512F AVX512_VNNI AVX512_BF16 AVX_VNNI FMA, in other operations, rebuild TensorFlow with the appropriate compiler flags.
2026-09-23 15:11:19.552812: W tensorflow/compiler/tf2tensorrt/utils/py_utils.cc:38] TF-TRT Warning: Could not find TensorRT
2026-09-23 15:11:19.926681: I external/local_xla/xla/stream_executor/cuda/cuda_executor.cc:887] could not open file to read NUMA node: /sys/bus/pci/devices/0000:01:00.0/numa_node
Your kernel may have been built without NUMA support.
2026-09-23 15:11:19.965960: I external/local_xla/xla/stream_executor/cuda/cuda_executor.cc:887] could not open file to read NUMA node: /sys/bus/pci/devices/0000:01:00.0/numa_node
Your kernel may have been built without NUMA support.
2026-09-23 15:11:19.966865: I external/local_xla/xla/stream_executor/cuda/cuda_executor.cc:887] could not open file to read NUMA node: /sys/bus/pci/devices/0000:01:00.0/numa_node
Your kernel may have been built without NUMA support.
2026-09-23 15:11:19.967699: I external/local_xla/xla/stream_executor/cuda/cuda_executor.cc:887] could not open file to read NUMA node: /sys/bus/pci/devices/0000:01:00.0/numa_node
Your kernel may have been built without NUMA support.
2026-09-23 15:11:19.969055: I external/local_xla/xla/stream_executor/cuda/cuda_executor.cc:887] could not open file to read NUMA node: /sys/bus/pci/devices/0000:01:00.0/numa_node
Your kernel may have been built without NUMA support.
2026-09-23 15:11:19.969770: I external/local_xla/xla/stream_executor/cuda/cuda_executor.cc:887] could not open file to read NUMA node: /sys/bus/pci/devices/0000:01:00.0/numa_node
Your kernel may have been built without NUMA support.
2026-09-23 15:11:19.970475: I external/local_xla/xla/stream_executor/cuda/cuda_executor.cc:887] could not open file to read NUMA node: /sys/bus/pci/devices/0000:01:00.0/numa_node
Your kernel may have been built without NUMA support.
2026-09-23 15:11:20.113330: I external/local_xla/xla/stream_executor/cuda/cuda_executor.cc:887] could not open file to read NUMA node: /sys/bus/pci/devices/0000:01:00.0/numa_node
Your kernel may have been built without NUMA support.
2026-09-23 15:11:20.114089: I tensorflow/core/common_runtime/gpu/gpu_device.cc:2022] Could not identify NUMA node of platform GPU id 0, defaulting to 0.  Your kernel may not have been built with NUMA support.
2026-09-23 15:11:20.114796: I external/local_xla/xla/stream_executor/cuda/cuda_executor.cc:887] could not open file to read NUMA node: /sys/bus/pci/devices/0000:01:00.0/numa_node
Your kernel may have been built without NUMA support.
2026-09-23 15:11:20.115467: I tensorflow/core/common_runtime/gpu/gpu_device.cc:2022] Could not identify NUMA node of platform GPU id 0, defaulting to 0.  Your kernel may not have been built with NUMA support.
2026-09-23 15:11:20.116138: I external/local_xla/xla/stream_executor/cuda/cuda_executor.cc:887] could not open file to read NUMA node: /sys/bus/pci/devices/0000:01:00.0/numa_node
Your kernel may have been built without NUMA support.
2026-09-23 15:11:20.116873: I external/local_xla/xla/stream_executor/cuda/cuda_executor.cc:887] could not open file to read NUMA node: /sys/bus/pci/devices/0000:01:00.0/numa_node
Your kernel may have been built without NUMA support.
2026-09-23 15:11:20.117542: I tensorflow/core/common_runtime/gpu/gpu_device.cc:1929] Created device /job:localhost/replica:0/task:0/device:GPU:0 with 4096 MB memory:  -> device: 0, name: NVIDIA GeForce RTX 4070 Ti, pci bus id: 0000:01:00.0, compute capability: 8.9
2026-09-23 15:11:20.119396: I external/local_xla/xla/stream_executor/cuda/cuda_executor.cc:887] could not open file to read NUMA node: /sys/bus/pci/devices/0000:01:00.0/numa_node
Your kernel may have been built without NUMA support.
2026-09-23 15:11:20.120062: I tensorflow/core/common_runtime/gpu/gpu_device.cc:1929] Created device /job:localhost/replica:0/task:0/device:GPU:1 with 4096 MB memory:  -> device: 0, name: NVIDIA GeForce RTX 4070 Ti, pci bus id: 0000:01:00.0, compute capability: 8.9
Epoch 1/2
2026-09-23 15:11:24.032509: I external/local_xla/xla/stream_executor/cuda/cuda_dnn.cc:454] Loaded cuDNN version 8904
2026-09-23 15:11:24.195480: I external/local_tsl/tsl/platform/default/subprocess.cc:304] Start cannot spawn child process: Permission denied
2026-09-23 15:11:24.562695: I external/local_tsl/tsl/platform/default/subprocess.cc:304] Start cannot spawn child process: Permission denied
2026-09-23 15:11:26.790885: I external/local_xla/xla/service/service.cc:168] XLA service 0x7f990e1c8aa0 initialized for platform CUDA (this does not guarantee that XLA will be used). Devices:
2026-09-23 15:11:26.791702: I external/local_xla/xla/service/service.cc:176]   StreamExecutor device (0): NVIDIA GeForce RTX 4070 Ti, Compute Capability 8.9
2026-09-23 15:11:26.795819: I tensorflow/compiler/mlir/tensorflow/utils/dump_mlir_util.cc:269] disabling MLIR crash reproducer, set env var `MLIR_CRASH_REPRODUCER_DIRECTORY` to enable.
WARNING: All log messages before absl::InitializeLog() is called are written to STDERR
I0000 00:00:1790147486.863788    2508 device_compiler.h:186] Compiled cluster using XLA!  This line is logged at most once for the lifetime of the process.
8/8 - 7s - loss: 2.5852 - accuracy: 0.1260 - val_loss: 2.2978 - val_accuracy: 0.1172 - lr: 0.0010 - 7s/epoch - 904ms/step
Epoch 2/2
8/8 - 0s - loss: 2.1917 - accuracy: 0.2090 - val_loss: 2.2982 - val_accuracy: 0.0820 - lr: 5.0000e-04 - 354ms/epoch - 44ms/step
{
  "variant": "distributed_two",
  "smoke_test": true,
  "epochs": 2,
  "best_epoch": 1,
  "test_accuracy": 0.109375,
  "test_loss": 2.298736095428467,
  "parameters": 324394,
  "weight_bytes": 1297576,
  "model_size_bytes": 1377992,
  "model_path": "cloud_optimized_models/distributed_two/best_model.keras",
  "training_wall_seconds": 7.849832105000132,
  "epoch_train_seconds": [
    5.754146390999949,
    0.23519126799988044
  ],
  "steady_train_images_per_second": 4353.903138957186,
  "throughput_scope": "排除第一轮编译预热、验证和检查点保存；包含输入管线及梯度更新",
  "train_examples": 1024,
  "validation_examples": 256,
  "test_examples": 256,
  "micro_batch_size": 128,
  "effective_batch_size": 128,
  "optimizer_updates": 16,
  "model_file_scope": "未编译的 Keras 网络，不含优化器和自定义训练器状态",
  "initial_weights_sha256": "01a4a70e0afec947659418315394adde6c9809a6d9cbd21e51f90adc85226eae",
  "training_memory_before": {
    "GPU:0": {
      "current": 1424640,
      "peak": 1424640
    },
    "GPU:1": {
      "current": 1302784,
      "peak": 1302784
    }
  },
  "training_memory_peak": {
    "GPU:0": {
      "current": 5667328,
      "peak": 175388672
    },
    "GPU:1": {
      "current": 5224960,
      "peak": 225883904
    }
  },
  "memory_scope": "TensorFlow 分配器统计，包含驻留模型及训练张量；不是进程总显存；逻辑 GPU 统计不可简单相加",
  "inference": {
    "1": {
      "batch_size": 1,
      "mean_ms": 0.9392001999913191,
      "median_ms": 0.7844464998925105,
      "p95_ms": 1.6355631000237723,
      "images_per_second": 1064.7357187628822
    },
    "128": {
      "batch_size": 128,
      "mean_ms": 1.4975605000017822,
      "median_ms": 1.273276500000975,
      "p95_ms": 2.329635900071025,
      "images_per_second": 85472.33984860557
    }
  },
  "inference_scope": "普通导出模型单设备推理，包含输出传回主机，不含预处理或加载",
  "simulated": true,
  "replicas": 2,
  "gpu_name": "NVIDIA GeForce RTX 4070 Ti",
  "physical_gpu_count_used": 1,
  "logical_gpu_limit_mb": 4096,
  "tensorflow_version": "2.15.1",
  "python_version": "3.11.16",
  "tf32_execution_enabled": true,
  "precision": "float32",
  "seed": 42
}
